[debug] > Exec(early(addDefaultCommands), None, None)
[debug] > Exec(addDefaultCommands, None, None)
[debug] > Exec(early(initialize), None, None)
[debug] > Exec(initialize, None, None)
[debug] > Exec(early(addPluginSbtFile="""C:/Users/brook/AppData/Local/Temp/idea16063795135754058711.sbt"""), None, None)
[debug] > Exec(addPluginSbtFile="""C:/Users/brook/AppData/Local/Temp/idea16063795135754058711.sbt""", None, None)
[debug] > Exec(boot, None, None)
[debug] > Exec(writeSbtVersion, None, None)
[debug] > Exec(reload, None, None)
[debug] > Exec(sbtStashOnFailure, None, None)
[debug] > Exec(onFailure loadFailed, None, None)
[debug] > Exec(loadp, None, None)
[info] welcome to sbt 1.9.6 (Azul Systems, Inc. Java 11.0.31)
[debug]       Load.loadUnit: plugins took 78.172ms
[debug]       Load.loadUnit: defsScala took 0.5001ms
[debug] [Loading] Scanning directory C:\Users\brook\.sbt\1.0\plugins
[debug] [Loading] Found non-root projects 
[debug] [Loading] Done in C:\Users\brook\.sbt\1.0\plugins, returning: ()
[debug] deducing auto plugins based on known facts Set(Atom(sbt.plugins.CorePlugin)) and clauses Clauses(Clause(Atom(sbt.plugins.JvmPlugin),Set(Atom(sbt.plugins.IvyPlugin)))
[debug] Clause(Atom(sbt.ScriptedPlugin),Set(Atom(sbt.plugins.JvmPlugin)))
[debug] Clause(Atom(sbt.plugins.SbtPlugin),Set(Atom(sbt.ScriptedPlugin)))
[debug] Clause(Atom(sbt.plugins.SemanticdbPlugin),Set(Atom(sbt.plugins.JvmPlugin)))
[debug] Clause(Atom(sbt.plugins.JUnitXmlReportPlugin),Set(Atom(sbt.plugins.JvmPlugin)))
[debug] Clause(Atom(sbt.plugins.MiniDependencyTreePlugin),Set(Atom(sbt.plugins.JvmPlugin)))
[debug] Clause(Atom(sbt.plugins.CorePlugin),Set(Atom(sbt.plugins.IvyPlugin)))
[debug] Clause(Atom(sbt.plugins.IvyPlugin),Set(Atom(sbt.plugins.JvmPlugin)))
[debug] Clause(Atom(sbt.plugins.JvmPlugin),Set(Atom(sbt.plugins.SemanticdbPlugin)))
[debug] Clause(Atom(sbt.plugins.JvmPlugin),Set(Atom(sbt.plugins.JUnitXmlReportPlugin)))
[debug] Clause(Atom(sbt.plugins.CorePlugin),Set(Atom(sbt.plugins.Giter8TemplatePlugin)))
[debug] Clause(Atom(sbt.plugins.JvmPlugin),Set(Atom(sbt.plugins.MiniDependencyTreePlugin))))
[debug]   :: deduced result: Matched(sbt.plugins.CorePlugin,sbt.plugins.Giter8TemplatePlugin,sbt.plugins.IvyPlugin,sbt.plugins.JvmPlugin,sbt.plugins.MiniDependencyTreePlugin,sbt.plugins.JUnitXmlReportPlugin,sbt.plugins.SemanticdbPlugin)
[debug] Plugins.deducer#function took 8.81 ms
[debug]           Load.resolveProject(global-plugins) took 30.0615ms
[debug]         Load.loadTransitive: finalizeProject(Project(id global-plugins, base: C:\Users\brook\.sbt\1.0\plugins, plugins: List(<none>))) took 55.0752ms
[debug] [Loading] Done in C:\Users\brook\.sbt\1.0\plugins, returning: (global-plugins)
[debug]       Load.loadUnit: loadedProjectsRaw took 68.7338ms
[debug]       Load.loadUnit: cleanEvalClasses took 0.1421ms
[debug]     Load.loadUnit(file:/C:/Users/brook/.sbt/1.0/plugins/, ...) took 154.8002ms
[debug]   Load.apply: load took 308.4244ms
[debug]   Load.apply: resolveProjects took 3.8726ms
[debug]   Load.apply: finalTransforms took 37.2923ms
[debug]   Load.apply: config.delegates took 7.5038ms
[debug]   Load.apply: Def.make(settings)... took 409.7463ms
[debug]   Load.apply: structureIndex took 100.5072ms
[debug]   Load.apply: mkStreams took 4.8638ms
[info] loading global plugins from C:\Users\brook\.sbt\1.0\plugins
[debug] Running task... Cancel: Signal, check cycles: false, forcegc: true
[debug] Load.defaultLoad until apply took 9814.1431ms
[debug]           Load.loadUnit: plugins took 12.7142ms
[debug]           Load.loadUnit: defsScala took 0.0022ms
[debug] [Loading] Scanning directory C:\Users\brook\IdeaProjects\Spark_Streaming\project
[debug]             Load.loadUnit: mkEval took 4.2245ms
[debug] [Loading] Found non-root projects 
[debug] [Loading] Done in C:\Users\brook\IdeaProjects\Spark_Streaming\project, returning: ()
[debug] deducing auto plugins based on known facts Set(Atom(sbt.plugins.CorePlugin)) and clauses Clauses(Clause(Atom(sbt.plugins.JvmPlugin),Set(Atom(sbt.plugins.IvyPlugin)))
[debug] Clause(Atom(sbt.ScriptedPlugin),Set(Atom(sbt.plugins.JvmPlugin)))
[debug] Clause(Atom(sbt.plugins.SbtPlugin),Set(Atom(sbt.ScriptedPlugin)))
[debug] Clause(Atom(sbt.plugins.SemanticdbPlugin),Set(Atom(sbt.plugins.JvmPlugin)))
[debug] Clause(Atom(sbt.plugins.JUnitXmlReportPlugin),Set(Atom(sbt.plugins.JvmPlugin)))
[debug] Clause(Atom(sbt.plugins.MiniDependencyTreePlugin),Set(Atom(sbt.plugins.JvmPlugin)))
[debug] Clause(Atom(sbt.plugins.CorePlugin),Set(Atom(sbt.plugins.IvyPlugin)))
[debug] Clause(Atom(sbt.plugins.IvyPlugin),Set(Atom(sbt.plugins.JvmPlugin)))
[debug] Clause(Atom(sbt.plugins.JvmPlugin),Set(Atom(sbt.plugins.SemanticdbPlugin)))
[debug] Clause(Atom(sbt.plugins.JvmPlugin),Set(Atom(sbt.plugins.JUnitXmlReportPlugin)))
[debug] Clause(Atom(sbt.plugins.CorePlugin),Set(Atom(sbt.plugins.Giter8TemplatePlugin)))
[debug] Clause(Atom(sbt.plugins.JvmPlugin),Set(Atom(sbt.plugins.MiniDependencyTreePlugin))))
[debug]   :: deduced result: Matched(sbt.plugins.CorePlugin,sbt.plugins.Giter8TemplatePlugin,sbt.plugins.IvyPlugin,sbt.plugins.JvmPlugin,sbt.plugins.MiniDependencyTreePlugin,sbt.plugins.JUnitXmlReportPlugin,sbt.plugins.SemanticdbPlugin)
[debug] Plugins.deducer#function took 1.7289 ms
[info] loading settings for project spark_streaming-build from idea16063795135754058711.sbt ...
[debug]               Load.resolveProject(spark_streaming-build) took 1.6367ms
[debug]             Load.loadTransitive: finalizeProject(Project(id spark_streaming-build, base: C:\Users\brook\IdeaProjects\Spark_Streaming\project, plugins: List(<none>))) took 3.6772ms
[debug] [Loading] Done in C:\Users\brook\IdeaProjects\Spark_Streaming\project, returning: (spark_streaming-build)
[debug]           Load.loadUnit: loadedProjectsRaw took 137.9303ms
[debug]           Load.loadUnit: cleanEvalClasses took 3.4163ms
[debug]         Load.loadUnit(file:/C:/Users/brook/IdeaProjects/Spark_Streaming/project/, ...) took 154.6407ms
[debug]       Load.apply: load took 155.8916ms
[debug]       Load.apply: resolveProjects took 0.0724ms
[debug]       Load.apply: finalTransforms took 5.4364ms
[debug]       Load.apply: config.delegates took 0.7296ms
[debug]       Load.apply: Def.make(settings)... took 71.1242ms
[debug]       Load.apply: structureIndex took 15.7358ms
[debug]       Load.apply: mkStreams took 0.0019ms
[info] loading project definition from C:\Users\brook\IdeaProjects\Spark_Streaming\project
[debug] Running task... Cancel: Signal, check cycles: false, forcegc: true
[debug]     Load.loadUnit: plugins took 812.5316ms
[debug]     Load.loadUnit: defsScala took 0.0024ms
[debug] [Loading] Scanning directory C:\Users\brook\IdeaProjects\Spark_Streaming
[debug]       Load.loadUnit: mkEval took 0.2626ms
[debug] [Loading] Found root project root w/ remaining 
[debug] deducing auto plugins based on known facts Set(Atom(sbt.plugins.CorePlugin)) and clauses Clauses(Clause(Atom(sbt.plugins.JvmPlugin),Set(Atom(sbt.plugins.IvyPlugin)))
[debug] Clause(Atom(sbt.ScriptedPlugin),Set(Atom(sbt.plugins.JvmPlugin)))
[debug] Clause(Atom(sbt.plugins.SbtPlugin),Set(Atom(sbt.ScriptedPlugin)))
[debug] Clause(Atom(sbt.plugins.SemanticdbPlugin),Set(Atom(sbt.plugins.JvmPlugin)))
[debug] Clause(Atom(sbt.plugins.JUnitXmlReportPlugin),Set(Atom(sbt.plugins.JvmPlugin)))
[debug] Clause(Atom(sbt.plugins.MiniDependencyTreePlugin),Set(Atom(sbt.plugins.JvmPlugin)))
[debug] Clause(Atom(org.jetbrains.sbt.GenerateAllManagedSourcesPlugin),Set(Atom(sbt.plugins.JvmPlugin)))
[debug] Clause(Atom(org.jetbrains.sbt.StructurePlugin),Set(Atom(sbt.plugins.JvmPlugin)))
[debug] Clause(Atom(org.jetbrains.sbt.IdeaShellPlugin),Set(Atom(sbt.plugins.JvmPlugin)))
[debug] Clause(Atom(sbt.plugins.CorePlugin),Set(Atom(sbt.plugins.IvyPlugin)))
[debug] Clause(Atom(sbt.plugins.IvyPlugin),Set(Atom(sbt.plugins.JvmPlugin)))
[debug] Clause(Atom(sbt.plugins.JvmPlugin),Set(Atom(sbt.plugins.SemanticdbPlugin)))
[debug] Clause(Atom(sbt.plugins.JvmPlugin),Set(Atom(sbt.plugins.JUnitXmlReportPlugin)))
[debug] Clause(Atom(sbt.plugins.CorePlugin),Set(Atom(sbt.plugins.Giter8TemplatePlugin)))
[debug] Clause(Atom(sbt.plugins.JvmPlugin),Set(Atom(sbt.plugins.MiniDependencyTreePlugin)))
[debug] Clause(Atom(sbt.plugins.JvmPlugin),Set(Atom(org.jetbrains.sbt.GenerateAllManagedSourcesPlugin)))
[debug] Clause(Atom(sbt.plugins.JvmPlugin),Set(Atom(org.jetbrains.sbt.StructurePlugin)))
[debug] Clause(Atom(sbt.plugins.JvmPlugin),Set(Atom(org.jetbrains.sbt.IdeaShellPlugin))))
[debug]   :: deduced result: Matched(sbt.plugins.CorePlugin,sbt.plugins.Giter8TemplatePlugin,sbt.plugins.IvyPlugin,sbt.plugins.JvmPlugin,org.jetbrains.sbt.GenerateAllManagedSourcesPlugin,sbt.plugins.SemanticdbPlugin,sbt.plugins.JUnitXmlReportPlugin,org.jetbrains.sbt.IdeaShellPlugin,org.jetbrains.sbt.StructurePlugin,sbt.plugins.MiniDependencyTreePlugin)
[debug] Plugins.deducer#function took 5.2399 ms
[info] loading settings for project root from build.sbt ...
[debug]         Load.resolveProject(root) took 128.0615ms
[debug]       Load.loadTransitive: finalizeProject(Project(id root, base: C:\Users\brook\IdeaProjects\Spark_Streaming, plugins: List(<none>))) took 135.6496ms
[debug] [Loading] Done in C:\Users\brook\IdeaProjects\Spark_Streaming, returning: (root)
[debug]     Load.loadUnit: loadedProjectsRaw took 4114.1745ms
[debug]     Load.loadUnit: cleanEvalClasses took 29.1113ms
[debug]   Load.loadUnit(file:/C:/Users/brook/IdeaProjects/Spark_Streaming/, ...) took 4956.5941ms
[debug] Load.apply: load took 4959.1212ms
[debug] Load.apply: resolveProjects took 0.2522ms
[debug] Load.apply: finalTransforms took 99.0047ms
[debug] Load.apply: config.delegates took 0.8117ms
[debug] Load.apply: Def.make(settings)... took 233.8278ms
[debug] Load.apply: structureIndex took 48.4907ms
[debug] Load.apply: mkStreams took 0.0034ms
[info] set current project to producer (in build file:/C:/Users/brook/IdeaProjects/Spark_Streaming/)
[debug] > Exec(sbtPopOnFailure, None, None)
[debug] > Exec(resumeFromFailure, None, None)
[debug] > Exec(notifyUsersAboutShell, None, None)
[debug] > Exec(iflast shell, None, None)
[debug] > Exec(idea-shell, None, None)
