[debug] > Exec(early(addDefaultCommands), None, None)
[debug] > Exec(addDefaultCommands, None, None)
[debug] > Exec(early(initialize), None, None)
[debug] > Exec(initialize, None, None)
[debug] > Exec(early(addPluginSbtFile="""C:/Users/brook/AppData/Local/Temp/idea7863651436384785800.sbt"""), None, None)
[debug] > Exec(addPluginSbtFile="""C:/Users/brook/AppData/Local/Temp/idea7863651436384785800.sbt""", None, None)
[debug] > Exec(boot, None, None)
[debug] > Exec(writeSbtVersion, None, None)
[debug] > Exec(reload, None, None)
[debug] > Exec(sbtStashOnFailure, None, None)
[debug] > Exec(onFailure loadFailed, None, None)
[debug] > Exec(loadp, None, None)
[info] welcome to sbt 1.9.6 (Azul Systems, Inc. Java 11.0.31)
[debug]       Load.loadUnit: plugins took 171.3987ms
[debug]       Load.loadUnit: defsScala took 0.3583ms
[debug] [Loading] Scanning directory C:\Users\brook\.sbt\1.0\plugins
[debug] [Loading] Found non-root projects 
[debug] [Loading] Done in C:\Users\brook\.sbt\1.0\plugins, returning: ()
[debug] deducing auto plugins based on known facts Set(Atom(sbt.plugins.CorePlugin)) and clauses Clauses(Clause(Atom(sbt.plugins.JvmPlugin),Set(Atom(sbt.plugins.IvyPlugin)))
[debug] Clause(Atom(sbt.ScriptedPlugin),Set(Atom(sbt.plugins.JvmPlugin)))
[debug] Clause(Atom(sbt.plugins.SbtPlugin),Set(Atom(sbt.ScriptedPlugin)))
[debug] Clause(Atom(sbt.plugins.SemanticdbPlugin),Set(Atom(sbt.plugins.JvmPlugin)))
[debug] Clause(Atom(sbt.plugins.JUnitXmlReportPlugin),Set(Atom(sbt.plugins.JvmPlugin)))
[debug] Clause(Atom(sbt.plugins.MiniDependencyTreePlugin),Set(Atom(sbt.plugins.JvmPlugin)))
[debug] Clause(Atom(sbt.plugins.CorePlugin),Set(Atom(sbt.plugins.IvyPlugin)))
[debug] Clause(Atom(sbt.plugins.IvyPlugin),Set(Atom(sbt.plugins.JvmPlugin)))
[debug] Clause(Atom(sbt.plugins.JvmPlugin),Set(Atom(sbt.plugins.SemanticdbPlugin)))
[debug] Clause(Atom(sbt.plugins.JvmPlugin),Set(Atom(sbt.plugins.JUnitXmlReportPlugin)))
[debug] Clause(Atom(sbt.plugins.CorePlugin),Set(Atom(sbt.plugins.Giter8TemplatePlugin)))
[debug] Clause(Atom(sbt.plugins.JvmPlugin),Set(Atom(sbt.plugins.MiniDependencyTreePlugin))))
[debug]   :: deduced result: Matched(sbt.plugins.CorePlugin,sbt.plugins.Giter8TemplatePlugin,sbt.plugins.IvyPlugin,sbt.plugins.JvmPlugin,sbt.plugins.MiniDependencyTreePlugin,sbt.plugins.JUnitXmlReportPlugin,sbt.plugins.SemanticdbPlugin)
[debug] Plugins.deducer#function took 22.9879 ms
[debug]           Load.resolveProject(global-plugins) took 65.5216ms
[debug]         Load.loadTransitive: finalizeProject(Project(id global-plugins, base: C:\Users\brook\.sbt\1.0\plugins, plugins: List(<none>))) took 115.7176ms
[debug] [Loading] Done in C:\Users\brook\.sbt\1.0\plugins, returning: (global-plugins)
[debug]       Load.loadUnit: loadedProjectsRaw took 139.0841ms
[debug]       Load.loadUnit: cleanEvalClasses took 0.3896ms
[debug]     Load.loadUnit(file:/C:/Users/brook/.sbt/1.0/plugins/, ...) took 325.1719ms
[debug]   Load.apply: load took 585.9286ms
[debug]   Load.apply: resolveProjects took 9.0816ms
[debug]   Load.apply: finalTransforms took 93.0645ms
[debug]   Load.apply: config.delegates took 17.6496ms
[debug]   Load.apply: Def.make(settings)... took 1118.2755ms
[debug]   Load.apply: structureIndex took 240.4881ms
[debug]   Load.apply: mkStreams took 8.0204ms
[info] loading global plugins from C:\Users\brook\.sbt\1.0\plugins
[debug] Running task... Cancel: Signal, check cycles: false, forcegc: true
[debug] Load.defaultLoad until apply took 8461.4913ms
[debug]           Load.loadUnit: plugins took 44.5816ms
[debug]           Load.loadUnit: defsScala took 0.0054ms
[debug] [Loading] Scanning directory C:\Users\brook\IdeaProjects\Spark_Streaming\project
[debug]             Load.loadUnit: mkEval took 10.6201ms
[debug] [Loading] Found non-root projects 
[debug] [Loading] Done in C:\Users\brook\IdeaProjects\Spark_Streaming\project, returning: ()
[debug] deducing auto plugins based on known facts Set(Atom(sbt.plugins.CorePlugin)) and clauses Clauses(Clause(Atom(sbt.plugins.JvmPlugin),Set(Atom(sbt.plugins.IvyPlugin)))
[debug] Clause(Atom(sbt.ScriptedPlugin),Set(Atom(sbt.plugins.JvmPlugin)))
[debug] Clause(Atom(sbt.plugins.SbtPlugin),Set(Atom(sbt.ScriptedPlugin)))
[debug] Clause(Atom(sbt.plugins.SemanticdbPlugin),Set(Atom(sbt.plugins.JvmPlugin)))
[debug] Clause(Atom(sbt.plugins.JUnitXmlReportPlugin),Set(Atom(sbt.plugins.JvmPlugin)))
[debug] Clause(Atom(sbt.plugins.MiniDependencyTreePlugin),Set(Atom(sbt.plugins.JvmPlugin)))
[debug] Clause(Atom(sbt.plugins.CorePlugin),Set(Atom(sbt.plugins.IvyPlugin)))
[debug] Clause(Atom(sbt.plugins.IvyPlugin),Set(Atom(sbt.plugins.JvmPlugin)))
[debug] Clause(Atom(sbt.plugins.JvmPlugin),Set(Atom(sbt.plugins.SemanticdbPlugin)))
[debug] Clause(Atom(sbt.plugins.JvmPlugin),Set(Atom(sbt.plugins.JUnitXmlReportPlugin)))
[debug] Clause(Atom(sbt.plugins.CorePlugin),Set(Atom(sbt.plugins.Giter8TemplatePlugin)))
[debug] Clause(Atom(sbt.plugins.JvmPlugin),Set(Atom(sbt.plugins.MiniDependencyTreePlugin))))
[debug]   :: deduced result: Matched(sbt.plugins.CorePlugin,sbt.plugins.Giter8TemplatePlugin,sbt.plugins.IvyPlugin,sbt.plugins.JvmPlugin,sbt.plugins.MiniDependencyTreePlugin,sbt.plugins.JUnitXmlReportPlugin,sbt.plugins.SemanticdbPlugin)
[debug] Plugins.deducer#function took 2.8803 ms
[info] loading settings for project spark_streaming-build from idea7863651436384785800.sbt ...
[debug]               Load.resolveProject(spark_streaming-build) took 5.0443ms
[debug]             Load.loadTransitive: finalizeProject(Project(id spark_streaming-build, base: C:\Users\brook\IdeaProjects\Spark_Streaming\project, plugins: List(<none>))) took 8.4309ms
[debug] [Loading] Done in C:\Users\brook\IdeaProjects\Spark_Streaming\project, returning: (spark_streaming-build)
[debug]           Load.loadUnit: loadedProjectsRaw took 165.2712ms
[debug]           Load.loadUnit: cleanEvalClasses took 5.3033ms
[debug]         Load.loadUnit(file:/C:/Users/brook/IdeaProjects/Spark_Streaming/project/, ...) took 216.2229ms
[debug]       Load.apply: load took 218.4013ms
[debug]       Load.apply: resolveProjects took 0.1159ms
[debug]       Load.apply: finalTransforms took 15.7014ms
[debug]       Load.apply: config.delegates took 0.8653ms
[debug]       Load.apply: Def.make(settings)... took 163.3221ms
[debug]       Load.apply: structureIndex took 37.6844ms
[debug]       Load.apply: mkStreams took 0.0024ms
[info] loading project definition from C:\Users\brook\IdeaProjects\Spark_Streaming\project
[debug] Running task... Cancel: Signal, check cycles: false, forcegc: true
[debug]     Load.loadUnit: plugins took 1157.8819ms
[debug]     Load.loadUnit: defsScala took 0.0024ms
[debug] [Loading] Scanning directory C:\Users\brook\IdeaProjects\Spark_Streaming
[debug]       Load.loadUnit: mkEval took 0.3262ms
[debug] [Loading] Found root project root w/ remaining 
[debug] deducing auto plugins based on known facts Set(Atom(sbt.plugins.CorePlugin)) and clauses Clauses(Clause(Atom(sbt.plugins.JvmPlugin),Set(Atom(sbt.plugins.IvyPlugin)))
[debug] Clause(Atom(sbt.ScriptedPlugin),Set(Atom(sbt.plugins.JvmPlugin)))
[debug] Clause(Atom(sbt.plugins.SbtPlugin),Set(Atom(sbt.ScriptedPlugin)))
[debug] Clause(Atom(sbt.plugins.SemanticdbPlugin),Set(Atom(sbt.plugins.JvmPlugin)))
[debug] Clause(Atom(sbt.plugins.JUnitXmlReportPlugin),Set(Atom(sbt.plugins.JvmPlugin)))
[debug] Clause(Atom(sbt.plugins.MiniDependencyTreePlugin),Set(Atom(sbt.plugins.JvmPlugin)))
[debug] Clause(Atom(org.jetbrains.sbt.GenerateAllManagedSourcesPlugin),Set(Atom(sbt.plugins.JvmPlugin)))
[debug] Clause(Atom(org.jetbrains.sbt.StructurePlugin),Set(Atom(sbt.plugins.JvmPlugin)))
[debug] Clause(Atom(org.jetbrains.sbt.IdeaShellPlugin),Set(Atom(sbt.plugins.JvmPlugin)))
[debug] Clause(Atom(sbt.plugins.CorePlugin),Set(Atom(sbt.plugins.IvyPlugin)))
[debug] Clause(Atom(sbt.plugins.IvyPlugin),Set(Atom(sbt.plugins.JvmPlugin)))
[debug] Clause(Atom(sbt.plugins.JvmPlugin),Set(Atom(sbt.plugins.SemanticdbPlugin)))
[debug] Clause(Atom(sbt.plugins.JvmPlugin),Set(Atom(sbt.plugins.JUnitXmlReportPlugin)))
[debug] Clause(Atom(sbt.plugins.CorePlugin),Set(Atom(sbt.plugins.Giter8TemplatePlugin)))
[debug] Clause(Atom(sbt.plugins.JvmPlugin),Set(Atom(sbt.plugins.MiniDependencyTreePlugin)))
[debug] Clause(Atom(sbt.plugins.JvmPlugin),Set(Atom(org.jetbrains.sbt.GenerateAllManagedSourcesPlugin)))
[debug] Clause(Atom(sbt.plugins.JvmPlugin),Set(Atom(org.jetbrains.sbt.StructurePlugin)))
[debug] Clause(Atom(sbt.plugins.JvmPlugin),Set(Atom(org.jetbrains.sbt.IdeaShellPlugin))))
[debug]   :: deduced result: Matched(sbt.plugins.CorePlugin,sbt.plugins.Giter8TemplatePlugin,sbt.plugins.IvyPlugin,sbt.plugins.JvmPlugin,org.jetbrains.sbt.GenerateAllManagedSourcesPlugin,sbt.plugins.SemanticdbPlugin,sbt.plugins.JUnitXmlReportPlugin,org.jetbrains.sbt.IdeaShellPlugin,org.jetbrains.sbt.StructurePlugin,sbt.plugins.MiniDependencyTreePlugin)
[debug] Plugins.deducer#function took 3.4774 ms
[info] loading settings for project root from build.sbt ...
[debug]         Load.resolveProject(root) took 54.3342ms
[debug]       Load.loadTransitive: finalizeProject(Project(id root, base: C:\Users\brook\IdeaProjects\Spark_Streaming, plugins: List(<none>))) took 59.4645ms
[debug] [Loading] Done in C:\Users\brook\IdeaProjects\Spark_Streaming, returning: (root)
[debug]     Load.loadUnit: loadedProjectsRaw took 7196.6993ms
[debug]     Load.loadUnit: cleanEvalClasses took 13.2302ms
[debug]   Load.loadUnit(file:/C:/Users/brook/IdeaProjects/Spark_Streaming/, ...) took 8368.5575ms
[debug] Load.apply: load took 8370.7754ms
[debug] Load.apply: resolveProjects took 0.2327ms
[debug] Load.apply: finalTransforms took 49.3267ms
[debug] Load.apply: config.delegates took 0.3693ms
[debug] Load.apply: Def.make(settings)... took 183.4739ms
[debug] Load.apply: structureIndex took 25.6133ms
[debug] Load.apply: mkStreams took 0.0024ms
[info] set current project to producer (in build file:/C:/Users/brook/IdeaProjects/Spark_Streaming/)
[debug] > Exec(sbtPopOnFailure, None, None)
[debug] > Exec(resumeFromFailure, None, None)
[debug] > Exec(notifyUsersAboutShell, None, None)
[debug] > Exec(iflast shell, None, None)
[debug] > Exec(idea-shell, None, None)
