[debug] > Exec(early(addDefaultCommands), None, None)
[debug] > Exec(addDefaultCommands, None, None)
[debug] > Exec(early(initialize), None, None)
[debug] > Exec(initialize, None, None)
[debug] > Exec(early(addPluginSbtFile="""C:/Users/brook/AppData/Local/Temp/idea4455546883653965985.sbt"""), None, None)
[debug] > Exec(addPluginSbtFile="""C:/Users/brook/AppData/Local/Temp/idea4455546883653965985.sbt""", None, None)
[debug] > Exec(boot, None, None)
[debug] > Exec(writeSbtVersion, None, None)
[debug] > Exec(reload, None, None)
[debug] > Exec(sbtStashOnFailure, None, None)
[debug] > Exec(onFailure loadFailed, None, None)
[debug] > Exec(loadp, None, None)
[info] welcome to sbt 1.9.6 (Azul Systems, Inc. Java 11.0.31)
[debug]       Load.loadUnit: plugins took 54.9882ms
[debug]       Load.loadUnit: defsScala took 0.1663ms
[debug] [Loading] Scanning directory C:\Users\brook\.sbt\1.0\plugins
[debug] [Loading] Found non-root projects 
[debug] [Loading] Done in C:\Users\brook\.sbt\1.0\plugins, returning: ()
[debug] deducing auto plugins based on known facts Set(Atom(sbt.plugins.CorePlugin)) and clauses Clauses(Clause(Atom(sbt.plugins.JvmPlugin),Set(Atom(sbt.plugins.IvyPlugin)))
[debug] Clause(Atom(sbt.ScriptedPlugin),Set(Atom(sbt.plugins.JvmPlugin)))
[debug] Clause(Atom(sbt.plugins.SbtPlugin),Set(Atom(sbt.ScriptedPlugin)))
[debug] Clause(Atom(sbt.plugins.SemanticdbPlugin),Set(Atom(sbt.plugins.JvmPlugin)))
[debug] Clause(Atom(sbt.plugins.JUnitXmlReportPlugin),Set(Atom(sbt.plugins.JvmPlugin)))
[debug] Clause(Atom(sbt.plugins.MiniDependencyTreePlugin),Set(Atom(sbt.plugins.JvmPlugin)))
[debug] Clause(Atom(sbt.plugins.CorePlugin),Set(Atom(sbt.plugins.IvyPlugin)))
[debug] Clause(Atom(sbt.plugins.IvyPlugin),Set(Atom(sbt.plugins.JvmPlugin)))
[debug] Clause(Atom(sbt.plugins.JvmPlugin),Set(Atom(sbt.plugins.SemanticdbPlugin)))
[debug] Clause(Atom(sbt.plugins.JvmPlugin),Set(Atom(sbt.plugins.JUnitXmlReportPlugin)))
[debug] Clause(Atom(sbt.plugins.CorePlugin),Set(Atom(sbt.plugins.Giter8TemplatePlugin)))
[debug] Clause(Atom(sbt.plugins.JvmPlugin),Set(Atom(sbt.plugins.MiniDependencyTreePlugin))))
[debug]   :: deduced result: Matched(sbt.plugins.CorePlugin,sbt.plugins.Giter8TemplatePlugin,sbt.plugins.IvyPlugin,sbt.plugins.JvmPlugin,sbt.plugins.MiniDependencyTreePlugin,sbt.plugins.JUnitXmlReportPlugin,sbt.plugins.SemanticdbPlugin)
[debug] Plugins.deducer#function took 8.8518 ms
[debug]           Load.resolveProject(global-plugins) took 26.6143ms
[debug]         Load.loadTransitive: finalizeProject(Project(id global-plugins, base: C:\Users\brook\.sbt\1.0\plugins, plugins: List(<none>))) took 52.682ms
[debug] [Loading] Done in C:\Users\brook\.sbt\1.0\plugins, returning: (global-plugins)
[debug]       Load.loadUnit: loadedProjectsRaw took 64.0469ms
[debug]       Load.loadUnit: cleanEvalClasses took 0.1243ms
[debug]     Load.loadUnit(file:/C:/Users/brook/.sbt/1.0/plugins/, ...) took 124.525ms
[debug]   Load.apply: load took 293.8087ms
[debug]   Load.apply: resolveProjects took 3.8267ms
[debug]   Load.apply: finalTransforms took 37.6362ms
[debug]   Load.apply: config.delegates took 8.6066ms
[debug]   Load.apply: Def.make(settings)... took 446.0285ms
[debug]   Load.apply: structureIndex took 104.2444ms
[debug]   Load.apply: mkStreams took 4.8639ms
[info] loading global plugins from C:\Users\brook\.sbt\1.0\plugins
[debug] Running task... Cancel: Signal, check cycles: false, forcegc: true
[debug] Load.defaultLoad until apply took 3161.4464ms
[debug]           Load.loadUnit: plugins took 12.7932ms
[debug]           Load.loadUnit: defsScala took 0.0022ms
[debug] [Loading] Scanning directory C:\Users\brook\IdeaProjects\Spark_Streaming\project
[debug]             Load.loadUnit: mkEval took 4.6622ms
[debug] [Loading] Found non-root projects 
[debug] [Loading] Done in C:\Users\brook\IdeaProjects\Spark_Streaming\project, returning: ()
[debug] deducing auto plugins based on known facts Set(Atom(sbt.plugins.CorePlugin)) and clauses Clauses(Clause(Atom(sbt.plugins.JvmPlugin),Set(Atom(sbt.plugins.IvyPlugin)))
[debug] Clause(Atom(sbt.ScriptedPlugin),Set(Atom(sbt.plugins.JvmPlugin)))
[debug] Clause(Atom(sbt.plugins.SbtPlugin),Set(Atom(sbt.ScriptedPlugin)))
[debug] Clause(Atom(sbt.plugins.SemanticdbPlugin),Set(Atom(sbt.plugins.JvmPlugin)))
[debug] Clause(Atom(sbt.plugins.JUnitXmlReportPlugin),Set(Atom(sbt.plugins.JvmPlugin)))
[debug] Clause(Atom(sbt.plugins.MiniDependencyTreePlugin),Set(Atom(sbt.plugins.JvmPlugin)))
[debug] Clause(Atom(sbt.plugins.CorePlugin),Set(Atom(sbt.plugins.IvyPlugin)))
[debug] Clause(Atom(sbt.plugins.IvyPlugin),Set(Atom(sbt.plugins.JvmPlugin)))
[debug] Clause(Atom(sbt.plugins.JvmPlugin),Set(Atom(sbt.plugins.SemanticdbPlugin)))
[debug] Clause(Atom(sbt.plugins.JvmPlugin),Set(Atom(sbt.plugins.JUnitXmlReportPlugin)))
[debug] Clause(Atom(sbt.plugins.CorePlugin),Set(Atom(sbt.plugins.Giter8TemplatePlugin)))
[debug] Clause(Atom(sbt.plugins.JvmPlugin),Set(Atom(sbt.plugins.MiniDependencyTreePlugin))))
[debug]   :: deduced result: Matched(sbt.plugins.CorePlugin,sbt.plugins.Giter8TemplatePlugin,sbt.plugins.IvyPlugin,sbt.plugins.JvmPlugin,sbt.plugins.MiniDependencyTreePlugin,sbt.plugins.JUnitXmlReportPlugin,sbt.plugins.SemanticdbPlugin)
[debug] Plugins.deducer#function took 1.1933 ms
[info] loading settings for project spark_streaming-build from idea4455546883653965985.sbt ...
[debug]               Load.resolveProject(spark_streaming-build) took 1.4649ms
[debug]             Load.loadTransitive: finalizeProject(Project(id spark_streaming-build, base: C:\Users\brook\IdeaProjects\Spark_Streaming\project, plugins: List(<none>))) took 2.9249ms
[debug] [Loading] Done in C:\Users\brook\IdeaProjects\Spark_Streaming\project, returning: (spark_streaming-build)
[debug]           Load.loadUnit: loadedProjectsRaw took 135.0737ms
[debug]           Load.loadUnit: cleanEvalClasses took 2.3257ms
[debug]         Load.loadUnit(file:/C:/Users/brook/IdeaProjects/Spark_Streaming/project/, ...) took 150.6841ms
[debug]       Load.apply: load took 151.3749ms
[debug]       Load.apply: resolveProjects took 0.0648ms
[debug]       Load.apply: finalTransforms took 8.3933ms
[debug]       Load.apply: config.delegates took 0.2285ms
[debug]       Load.apply: Def.make(settings)... took 80.0ms
[debug]       Load.apply: structureIndex took 19.0556ms
[debug]       Load.apply: mkStreams took 0.0019ms
[info] loading project definition from C:\Users\brook\IdeaProjects\Spark_Streaming\project
[debug] Running task... Cancel: Signal, check cycles: false, forcegc: true
[debug]     Load.loadUnit: plugins took 682.1792ms
[debug]     Load.loadUnit: defsScala took 0.0015ms
[debug] [Loading] Scanning directory C:\Users\brook\IdeaProjects\Spark_Streaming
[debug]       Load.loadUnit: mkEval took 0.1891ms
[debug] [Loading] Found root project root w/ remaining 
[debug] deducing auto plugins based on known facts Set(Atom(sbt.plugins.CorePlugin)) and clauses Clauses(Clause(Atom(sbt.plugins.JvmPlugin),Set(Atom(sbt.plugins.IvyPlugin)))
[debug] Clause(Atom(sbt.ScriptedPlugin),Set(Atom(sbt.plugins.JvmPlugin)))
[debug] Clause(Atom(sbt.plugins.SbtPlugin),Set(Atom(sbt.ScriptedPlugin)))
[debug] Clause(Atom(sbt.plugins.SemanticdbPlugin),Set(Atom(sbt.plugins.JvmPlugin)))
[debug] Clause(Atom(sbt.plugins.JUnitXmlReportPlugin),Set(Atom(sbt.plugins.JvmPlugin)))
[debug] Clause(Atom(sbt.plugins.MiniDependencyTreePlugin),Set(Atom(sbt.plugins.JvmPlugin)))
[debug] Clause(Atom(org.jetbrains.sbt.GenerateAllManagedSourcesPlugin),Set(Atom(sbt.plugins.JvmPlugin)))
[debug] Clause(Atom(org.jetbrains.sbt.StructurePlugin),Set(Atom(sbt.plugins.JvmPlugin)))
[debug] Clause(Atom(org.jetbrains.sbt.IdeaShellPlugin),Set(Atom(sbt.plugins.JvmPlugin)))
[debug] Clause(Atom(sbt.plugins.CorePlugin),Set(Atom(sbt.plugins.IvyPlugin)))
[debug] Clause(Atom(sbt.plugins.IvyPlugin),Set(Atom(sbt.plugins.JvmPlugin)))
[debug] Clause(Atom(sbt.plugins.JvmPlugin),Set(Atom(sbt.plugins.SemanticdbPlugin)))
[debug] Clause(Atom(sbt.plugins.JvmPlugin),Set(Atom(sbt.plugins.JUnitXmlReportPlugin)))
[debug] Clause(Atom(sbt.plugins.CorePlugin),Set(Atom(sbt.plugins.Giter8TemplatePlugin)))
[debug] Clause(Atom(sbt.plugins.JvmPlugin),Set(Atom(sbt.plugins.MiniDependencyTreePlugin)))
[debug] Clause(Atom(sbt.plugins.JvmPlugin),Set(Atom(org.jetbrains.sbt.GenerateAllManagedSourcesPlugin)))
[debug] Clause(Atom(sbt.plugins.JvmPlugin),Set(Atom(org.jetbrains.sbt.StructurePlugin)))
[debug] Clause(Atom(sbt.plugins.JvmPlugin),Set(Atom(org.jetbrains.sbt.IdeaShellPlugin))))
[debug]   :: deduced result: Matched(sbt.plugins.CorePlugin,sbt.plugins.Giter8TemplatePlugin,sbt.plugins.IvyPlugin,sbt.plugins.JvmPlugin,org.jetbrains.sbt.GenerateAllManagedSourcesPlugin,sbt.plugins.SemanticdbPlugin,sbt.plugins.JUnitXmlReportPlugin,org.jetbrains.sbt.IdeaShellPlugin,org.jetbrains.sbt.StructurePlugin,sbt.plugins.MiniDependencyTreePlugin)
[debug] Plugins.deducer#function took 3.3687 ms
[info] loading settings for project root from build.sbt ...
[debug]         Load.resolveProject(root) took 21.5243ms
[debug]       Load.loadTransitive: finalizeProject(Project(id root, base: C:\Users\brook\IdeaProjects\Spark_Streaming, plugins: List(<none>))) took 25.7656ms
[debug] [Loading] Done in C:\Users\brook\IdeaProjects\Spark_Streaming, returning: (root)
[debug]     Load.loadUnit: loadedProjectsRaw took 288.0782ms
[debug]     Load.loadUnit: cleanEvalClasses took 1.4652ms
[debug]   Load.loadUnit(file:/C:/Users/brook/IdeaProjects/Spark_Streaming/, ...) took 972.063ms
[debug] Load.apply: load took 972.9066ms
[debug] Load.apply: resolveProjects took 0.0656ms
[debug] Load.apply: finalTransforms took 14.9438ms
[debug] Load.apply: config.delegates took 0.1778ms
[debug] Load.apply: Def.make(settings)... took 73.5891ms
[debug] Load.apply: structureIndex took 13.2109ms
[debug] Load.apply: mkStreams took 0.0014ms
[info] set current project to producer (in build file:/C:/Users/brook/IdeaProjects/Spark_Streaming/)
[debug] > Exec(sbtPopOnFailure, None, None)
[debug] > Exec(resumeFromFailure, None, None)
[debug] > Exec(notifyUsersAboutShell, None, None)
[debug] > Exec(iflast shell, None, None)
[debug] > Exec(idea-shell, None, None)
